(+---+---+---+
|.12|345|678|
|9.1|234|567|
|89.|123|456|
+---+---+---+
|789|.12|345|
|678|9.1|234|
|567|89.|123|
+---+---+---+
|456|789|.12|
|345|678|9.1|
|234|567|89.|
+---+---+---+, 012345678901234567890123456789012345678901234567890123456789012345678901234567890)