(+---+---+---+
|586|479|213|
|431|562|879|
|279|138|564|
+---+---+---+
|695|347|182|
|748|215|396|
|123|896|457|
+---+---+---+
|364|781|925|
|857|923|641|
|912|654|738|
+---+---+---+, 586479213431562879279138564695347182748215396123896457364781925857923641912654738)