
Final look of the solved board:
+---+---+---+
|586|479|213|
|431|562|879|
|279|138|564|
+---+---+---+
|695|347|182|
|748|215|396|
|123|896|457|
+---+---+---+
|364|781|925|
|857|923|641|
|912|654|738|
+---+---+---+

Starting look of the board to solve:
+---+---+---+
|586|.79|2..|
|..1|..2|.7.|
|2..|...|5..|
+---+---+---+
|6..|...|..2|
|7..|..5|39.|
|..3|89.|...|
+---+---+---+
|.64|...|9.5|
|8..|.2.|...|
|.1.|65.|..8|
+---+---+---+

================================================================================

(7, 1) can only contain 3.
+---+---+---+
|586|.79|2..|
|..1|..2|.7.|
|2..|...|5..|
+---+---+---+
|6..|...|..2|
|7..|..5|39.|
|..3|89.|...|
+---+---+---+
|364|...|9.5|
|8..|.2.|...|
|.1.|65.|..8|
+---+---+---+
Code: 586079200001002070200000500600000002700005390003890000364000905800020000010650008

(9, 1) can only contain 9.
+---+---+---+
|586|.79|2..|
|..1|..2|.7.|
|2..|...|5..|
+---+---+---+
|6..|...|..2|
|7..|..5|39.|
|..3|89.|...|
+---+---+---+
|364|...|9.5|
|8..|.2.|...|
|91.|65.|..8|
+---+---+---+
Code: 586079200001002070200000500600000002700005390003890000364000905800020000910650008

(2, 1) can only contain 4.
+---+---+---+
|586|.79|2..|
|4.1|..2|.7.|
|2..|...|5..|
+---+---+---+
|6..|...|..2|
|7..|..5|39.|
|..3|89.|...|
+---+---+---+
|364|...|9.5|
|8..|.2.|...|
|91.|65.|..8|
+---+---+---+
Code: 586079200401002070200000500600000002700005390003890000364000905800020000910650008

(6, 1) can only contain 1.
+---+---+---+
|586|.79|2..|
|4.1|..2|.7.|
|2..|...|5..|
+---+---+---+
|6..|...|..2|
|7..|..5|39.|
|1.3|89.|...|
+---+---+---+
|364|...|9.5|
|8..|.2.|...|
|91.|65.|..8|
+---+---+---+
Code: 586079200401002070200000500600000002700005390103890000364000905800020000910650008

Block (3, 2) can contain 9 only at (8, 4).
+---+---+---+
|586|.79|2..|
|4.1|..2|.7.|
|2..|...|5..|
+---+---+---+
|6..|...|..2|
|7..|..5|39.|
|1.3|89.|...|
+---+---+---+
|364|...|9.5|
|8..|92.|...|
|91.|65.|..8|
+---+---+---+
Code: 586079200401002070200000500600000002700005390103890000364000905800920000910650008

Block (2, 2) can contain 2 only at (5, 4).
+---+---+---+
|586|.79|2..|
|4.1|..2|.7.|
|2..|...|5..|
+---+---+---+
|6..|...|..2|
|7..|2.5|39.|
|1.3|89.|...|
+---+---+---+
|364|...|9.5|
|8..|92.|...|
|91.|65.|..8|
+---+---+---+
Code: 586079200401002070200000500600000002700205390103890000364000905800920000910650008

(5, 2) can only contain 4.
+---+---+---+
|586|.79|2..|
|4.1|..2|.7.|
|2..|...|5..|
+---+---+---+
|6..|...|..2|
|74.|2.5|39.|
|1.3|89.|...|
+---+---+---+
|364|...|9.5|
|8..|92.|...|
|91.|65.|..8|
+---+---+---+
Code: 586079200401002070200000500600000002740205390103890000364000905800920000910650008

(5, 3) can only contain 8.
+---+---+---+
|586|.79|2..|
|4.1|..2|.7.|
|2..|...|5..|
+---+---+---+
|6..|...|..2|
|748|2.5|39.|
|1.3|89.|...|
+---+---+---+
|364|...|9.5|
|8..|92.|...|
|91.|65.|..8|
+---+---+---+
Code: 586079200401002070200000500600000002748205390103890000364000905800920000910650008

Block (1, 2) can contain 5 only at (2, 4).
+---+---+---+
|586|.79|2..|
|4.1|5.2|.7.|
|2..|...|5..|
+---+---+---+
|6..|...|..2|
|748|2.5|39.|
|1.3|89.|...|
+---+---+---+
|364|...|9.5|
|8..|92.|...|
|91.|65.|..8|
+---+---+---+
Code: 586079200401502070200000500600000002748205390103890000364000905800920000910650008

Row #7 can contain 2 only at (7, 8).
+---+---+---+
|586|.79|2..|
|4.1|5.2|.7.|
|2..|...|5..|
+---+---+---+
|6..|...|..2|
|748|2.5|39.|
|1.3|89.|...|
+---+---+---+
|364|...|925|
|8..|92.|...|
|91.|65.|..8|
+---+---+---+
Code: 586079200401502070200000500600000002748205390103890000364000925800920000910650008

Column #2 can contain 2 only at (6, 2).
+---+---+---+
|586|.79|2..|
|4.1|5.2|.7.|
|2..|...|5..|
+---+---+---+
|6..|...|..2|
|748|2.5|39.|
|123|89.|...|
+---+---+---+
|364|...|925|
|8..|92.|...|
|91.|65.|..8|
+---+---+---+
Code: 586079200401502070200000500600000002748205390123890000364000925800920000910650008

Block (3, 1) can contain 2 only at (9, 3).
+---+---+---+
|586|.79|2..|
|4.1|5.2|.7.|
|2..|...|5..|
+---+---+---+
|6..|...|..2|
|748|2.5|39.|
|123|89.|...|
+---+---+---+
|364|...|925|
|8..|92.|...|
|912|65.|..8|
+---+---+---+
Code: 586079200401502070200000500600000002748205390123890000364000925800920000912650008

Row #6 can contain 5 only at (6, 8).
+---+---+---+
|586|.79|2..|
|4.1|5.2|.7.|
|2..|...|5..|
+---+---+---+
|6..|...|..2|
|748|2.5|39.|
|123|89.|.5.|
+---+---+---+
|364|...|925|
|8..|92.|...|
|912|65.|..8|
+---+---+---+
Code: 586079200401502070200000500600000002748205390123890050364000925800920000912650008

Values 5 and 7 in row #8 are in cells (8, 2) and (8, 3).
7 cannot appear in (8, 6).
7 cannot appear in (8, 7).
7 cannot appear in (8, 9).
Block (3, 3) can contain 7 only at (9, 7).
+---+---+---+
|586|.79|2..|
|4.1|5.2|.7.|
|2..|...|5..|
+---+---+---+
|6..|...|..2|
|748|2.5|39.|
|123|89.|.5.|
+---+---+---+
|364|...|925|
|8..|92.|...|
|912|65.|7.8|
+---+---+---+
Code: 586079200401502070200000500600000002748205390123890050364000925800920000912650708

Block (2, 3) can contain 7 only at (6, 9).
+---+---+---+
|586|.79|2..|
|4.1|5.2|.7.|
|2..|...|5..|
+---+---+---+
|6..|...|..2|
|748|2.5|39.|
|123|89.|.57|
+---+---+---+
|364|...|925|
|8..|92.|...|
|912|65.|7.8|
+---+---+---+
Code: 586079200401502070200000500600000002748205390123890057364000925800920000912650708

Values 5 and 7 in row #8 are in cells (8, 2) and (8, 3).
7 cannot appear in (8, 6).
In block (3, 2) values 3, 4 appear only in cells (8, 6) (9, 6) and other values cannot appear in those cells.
1 cannot appear in cell (8, 6).
Values 3 and 4 in column #6 are in cells (8, 6) and (9, 6).
3, 4 cannot appear in (3, 6).
3, 4 cannot appear in (4, 6).
4 cannot appear in (6, 6).
(6, 6) can only contain 6.
+---+---+---+
|586|.79|2..|
|4.1|5.2|.7.|
|2..|...|5..|
+---+---+---+
|6..|...|..2|
|748|2.5|39.|
|123|896|.57|
+---+---+---+
|364|...|925|
|8..|92.|...|
|912|65.|7.8|
+---+---+---+
Code: 586079200401502070200000500600000002748205390123896057364000925800920000912650708

(6, 7) can only contain 4.
+---+---+---+
|586|.79|2..|
|4.1|5.2|.7.|
|2..|...|5..|
+---+---+---+
|6..|...|..2|
|748|2.5|39.|
|123|896|457|
+---+---+---+
|364|...|925|
|8..|92.|...|
|912|65.|7.8|
+---+---+---+
Code: 586079200401502070200000500600000002748205390123896457364000925800920000912650708

(5, 5) can only contain 1.
+---+---+---+
|586|.79|2..|
|4.1|5.2|.7.|
|2..|...|5..|
+---+---+---+
|6..|...|..2|
|748|215|39.|
|123|896|457|
+---+---+---+
|364|...|925|
|8..|92.|...|
|912|65.|7.8|
+---+---+---+
Code: 586079200401502070200000500600000002748215390123896457364000925800920000912650708

(5, 9) can only contain 6.
+---+---+---+
|586|.79|2..|
|4.1|5.2|.7.|
|2..|...|5..|
+---+---+---+
|6..|...|..2|
|748|215|396|
|123|896|457|
+---+---+---+
|364|...|925|
|8..|92.|...|
|912|65.|7.8|
+---+---+---+
Code: 586079200401502070200000500600000002748215396123896457364000925800920000912650708

(7, 5) can only contain 8.
+---+---+---+
|586|.79|2..|
|4.1|5.2|.7.|
|2..|...|5..|
+---+---+---+
|6..|...|..2|
|748|215|396|
|123|896|457|
+---+---+---+
|364|.8.|925|
|8..|92.|...|
|912|65.|7.8|
+---+---+---+
Code: 586079200401502070200000500600000002748215396123896457364080925800920000912650708

Block (1, 2) can contain 8 only at (3, 6).
+---+---+---+
|586|.79|2..|
|4.1|5.2|.7.|
|2..|..8|5..|
+---+---+---+
|6..|...|..2|
|748|215|396|
|123|896|457|
+---+---+---+
|364|.8.|925|
|8..|92.|...|
|912|65.|7.8|
+---+---+---+
Code: 586079200401502070200008500600000002748215396123896457364080925800920000912650708

Block (1, 3) can contain 8 only at (2, 7).
+---+---+---+
|586|.79|2..|
|4.1|5.2|87.|
|2..|..8|5..|
+---+---+---+
|6..|...|..2|
|748|215|396|
|123|896|457|
+---+---+---+
|364|.8.|925|
|8..|92.|...|
|912|65.|7.8|
+---+---+---+
Code: 586079200401502870200008500600000002748215396123896457364080925800920000912650708

(4, 7) can only contain 1.
+---+---+---+
|586|.79|2..|
|4.1|5.2|87.|
|2..|..8|5..|
+---+---+---+
|6..|...|1.2|
|748|215|396|
|123|896|457|
+---+---+---+
|364|.8.|925|
|8..|92.|...|
|912|65.|7.8|
+---+---+---+
Code: 586079200401502870200008500600000102748215396123896457364080925800920000912650708

(8, 7) can only contain 6.
+---+---+---+
|586|.79|2..|
|4.1|5.2|87.|
|2..|..8|5..|
+---+---+---+
|6..|...|1.2|
|748|215|396|
|123|896|457|
+---+---+---+
|364|.8.|925|
|8..|92.|6..|
|912|65.|7.8|
+---+---+---+
Code: 586079200401502870200008500600000102748215396123896457364080925800920600912650708

(4, 8) can only contain 8.
+---+---+---+
|586|.79|2..|
|4.1|5.2|87.|
|2..|..8|5..|
+---+---+---+
|6..|...|182|
|748|215|396|
|123|896|457|
+---+---+---+
|364|.8.|925|
|8..|92.|6..|
|912|65.|7.8|
+---+---+---+
Code: 586079200401502870200008500600000182748215396123896457364080925800920600912650708

Column #8 can contain 6 only at (3, 8).
+---+---+---+
|586|.79|2..|
|4.1|5.2|87.|
|2..|..8|56.|
+---+---+---+
|6..|...|182|
|748|215|396|
|123|896|457|
+---+---+---+
|364|.8.|925|
|8..|92.|6..|
|912|65.|7.8|
+---+---+---+
Code: 586079200401502870200008560600000182748215396123896457364080925800920600912650708

Row #2 can contain 6 only at (2, 5).
+---+---+---+
|586|.79|2..|
|4.1|562|87.|
|2..|..8|56.|
+---+---+---+
|6..|...|182|
|748|215|396|
|123|896|457|
+---+---+---+
|364|.8.|925|
|8..|92.|6..|
|912|65.|7.8|
+---+---+---+
Code: 586079200401562870200008560600000182748215396123896457364080925800920600912650708

Values 1 and 7 in block (3, 2) are in cells (7, 4) and (7, 6).
1, 7 cannot appear in (8, 6).
Column #6 can contain 1 only at (7, 6).
+---+---+---+
|586|.79|2..|
|4.1|562|87.|
|2..|..8|56.|
+---+---+---+
|6..|...|182|
|748|215|396|
|123|896|457|
+---+---+---+
|364|.81|925|
|8..|92.|6..|
|912|65.|7.8|
+---+---+---+
Code: 586079200401562870200008560600000182748215396123896457364081925800920600912650708

(7, 4) can only contain 7.
+---+---+---+
|586|.79|2..|
|4.1|562|87.|
|2..|..8|56.|
+---+---+---+
|6..|...|182|
|748|215|396|
|123|896|457|
+---+---+---+
|364|781|925|
|8..|92.|6..|
|912|65.|7.8|
+---+---+---+
Code: 586079200401562870200008560600000182748215396123896457364781925800920600912650708

Block (2, 2) can contain 7 only at (4, 6).
+---+---+---+
|586|.79|2..|
|4.1|562|87.|
|2..|..8|56.|
+---+---+---+
|6..|..7|182|
|748|215|396|
|123|896|457|
+---+---+---+
|364|781|925|
|8..|92.|6..|
|912|65.|7.8|
+---+---+---+
Code: 586079200401562870200008560600007182748215396123896457364781925800920600912650708

Guessing that 3 and 4 are arbitrary in column #5 (multiple solutions): Pick 3->(3, 5), 4->(4, 5).
+---+---+---+
|586|.79|2..|
|4.1|562|87.|
|2..|.38|56.|
+---+---+---+
|6..|.47|182|
|748|215|396|
|123|896|457|
+---+---+---+
|364|781|925|
|8..|92.|6..|
|912|65.|7.8|
+---+---+---+
Code: 586079200401562870200038560600047182748215396123896457364781925800920600912650708

(4, 4) can only contain 3.
+---+---+---+
|586|.79|2..|
|4.1|562|87.|
|2..|.38|56.|
+---+---+---+
|6..|347|182|
|748|215|396|
|123|896|457|
+---+---+---+
|364|781|925|
|8..|92.|6..|
|912|65.|7.8|
+---+---+---+
Code: 586079200401562870200038560600347182748215396123896457364781925800920600912650708

Block (1, 1) can contain 3 only at (2, 2).
+---+---+---+
|586|.79|2..|
|431|562|87.|
|2..|.38|56.|
+---+---+---+
|6..|347|182|
|748|215|396|
|123|896|457|
+---+---+---+
|364|781|925|
|8..|92.|6..|
|912|65.|7.8|
+---+---+---+
Code: 586079200431562870200038560600347182748215396123896457364781925800920600912650708

(2, 9) can only contain 9.
+---+---+---+
|586|.79|2..|
|431|562|879|
|2..|.38|56.|
+---+---+---+
|6..|347|182|
|748|215|396|
|123|896|457|
+---+---+---+
|364|781|925|
|8..|92.|6..|
|912|65.|7.8|
+---+---+---+
Code: 586079200431562879200038560600347182748215396123896457364781925800920600912650708

Guessing that 3 and 4 are arbitrary in row #9 (multiple solutions): Pick 4->(9, 6), 3->(9, 8).
+---+---+---+
|586|.79|2..|
|431|562|879|
|2..|.38|56.|
+---+---+---+
|6..|347|182|
|748|215|396|
|123|896|457|
+---+---+---+
|364|781|925|
|8..|92.|6..|
|912|654|738|
+---+---+---+
Code: 586079200431562879200038560600347182748215396123896457364781925800920600912654738

(8, 6) can only contain 3.
+---+---+---+
|586|.79|2..|
|431|562|879|
|2..|.38|56.|
+---+---+---+
|6..|347|182|
|748|215|396|
|123|896|457|
+---+---+---+
|364|781|925|
|8..|923|6..|
|912|654|738|
+---+---+---+
Code: 586079200431562879200038560600347182748215396123896457364781925800923600912654738

Column #9 can contain 3 only at (1, 9).
+---+---+---+
|586|.79|2.3|
|431|562|879|
|2..|.38|56.|
+---+---+---+
|6..|347|182|
|748|215|396|
|123|896|457|
+---+---+---+
|364|781|925|
|8..|923|6..|
|912|654|738|
+---+---+---+
Code: 586079203431562879200038560600347182748215396123896457364781925800923600912654738

Guessing that 5 and 7 are arbitrary in row #8 (multiple solutions): Pick 5->(8, 2), 7->(8, 3).
+---+---+---+
|586|.79|2.3|
|431|562|879|
|2..|.38|56.|
+---+---+---+
|6..|347|182|
|748|215|396|
|123|896|457|
+---+---+---+
|364|781|925|
|857|923|6..|
|912|654|738|
+---+---+---+
Code: 586079203431562879200038560600347182748215396123896457364781925857923600912654738

(4, 2) can only contain 9.
+---+---+---+
|586|.79|2.3|
|431|562|879|
|2..|.38|56.|
+---+---+---+
|69.|347|182|
|748|215|396|
|123|896|457|
+---+---+---+
|364|781|925|
|857|923|6..|
|912|654|738|
+---+---+---+
Code: 586079203431562879200038560690347182748215396123896457364781925857923600912654738

(3, 3) can only contain 9.
+---+---+---+
|586|.79|2.3|
|431|562|879|
|2.9|.38|56.|
+---+---+---+
|69.|347|182|
|748|215|396|
|123|896|457|
+---+---+---+
|364|781|925|
|857|923|6..|
|912|654|738|
+---+---+---+
Code: 586079203431562879209038560690347182748215396123896457364781925857923600912654738

(3, 2) can only contain 7.
+---+---+---+
|586|.79|2.3|
|431|562|879|
|279|.38|56.|
+---+---+---+
|69.|347|182|
|748|215|396|
|123|896|457|
+---+---+---+
|364|781|925|
|857|923|6..|
|912|654|738|
+---+---+---+
Code: 586079203431562879279038560690347182748215396123896457364781925857923600912654738

(4, 3) can only contain 5.
+---+---+---+
|586|.79|2.3|
|431|562|879|
|279|.38|56.|
+---+---+---+
|695|347|182|
|748|215|396|
|123|896|457|
+---+---+---+
|364|781|925|
|857|923|6..|
|912|654|738|
+---+---+---+
Code: 586079203431562879279038560695347182748215396123896457364781925857923600912654738

Guessing that 1 and 4 are arbitrary in row #3 (multiple solutions): Pick 1->(3, 4), 4->(3, 9).
+---+---+---+
|586|.79|2.3|
|431|562|879|
|279|138|564|
+---+---+---+
|695|347|182|
|748|215|396|
|123|896|457|
+---+---+---+
|364|781|925|
|857|923|6..|
|912|654|738|
+---+---+---+
Code: 586079203431562879279138564695347182748215396123896457364781925857923600912654738

(8, 9) can only contain 1.
+---+---+---+
|586|.79|2.3|
|431|562|879|
|279|138|564|
+---+---+---+
|695|347|182|
|748|215|396|
|123|896|457|
+---+---+---+
|364|781|925|
|857|923|6.1|
|912|654|738|
+---+---+---+
Code: 586079203431562879279138564695347182748215396123896457364781925857923601912654738

(1, 4) can only contain 4.
+---+---+---+
|586|479|2.3|
|431|562|879|
|279|138|564|
+---+---+---+
|695|347|182|
|748|215|396|
|123|896|457|
+---+---+---+
|364|781|925|
|857|923|6.1|
|912|654|738|
+---+---+---+
Code: 586479203431562879279138564695347182748215396123896457364781925857923601912654738

(8, 8) can only contain 4.
+---+---+---+
|586|479|2.3|
|431|562|879|
|279|138|564|
+---+---+---+
|695|347|182|
|748|215|396|
|123|896|457|
+---+---+---+
|364|781|925|
|857|923|641|
|912|654|738|
+---+---+---+
Code: 586479203431562879279138564695347182748215396123896457364781925857923641912654738

(1, 8) can only contain 1.
+---+---+---+
|586|479|213|
|431|562|879|
|279|138|564|
+---+---+---+
|695|347|182|
|748|215|396|
|123|896|457|
+---+---+---+
|364|781|925|
|857|923|641|
|912|654|738|
+---+---+---+
Code: 586479213431562879279138564695347182748215396123896457364781925857923641912654738

